
  unarr Diagnostics

  Config
  + Config file — /home/u/.config/unarr/config.toml
  + Config keys

  Connectivity
  + API reachable — https://unarr.app (42ms)

  Downloads
  ! par2 (usenet verify/repair) — not installed — usenet downloads are delivered UNVERIFIED

  Version
  + unarr version — 1.8.2 (linux/amd64)

  4 passed, 1 warnings

